Rollladen Steuerung                                                                                                     PAGE 1
                         1     ; Mapping
                         2     ; inputs
  0020                   3     EIN     EQU 20h
  0000                   4     B_UP    EQU EIN.0
  0001                   5     B_DOWN  EQU EIN.1
  0003                   6     C_IS_UP EQU EIN.3
  0004                   7     C_IS_DOWN EQU EIN.4
                         8
                         9     ; Flags
  0028                  10     FLAGS   EQU 28h
  0040                  11     F_B_PRESSED EQU FLAGS.0
  0041                  12     F_CLOCK_UP EQU FLAGS.1
  0042                  13     F_CLOCK_DOWN EQU FLAGS.2
                        14
                        15     ; outputs
  00B0                  16     AUS     EQU P3
  00B0                  17     M_UP    EQU AUS.0
  00B1                  18     M_DOWN  EQU AUS.1
                        19
                        20     ; LED Matrix
  00B5                  21     VERT_ALWAYS_ON EQU AUS.5
  00B6                  22     UPPER_LEDS EQU AUS.6
  00B7                  23     LOWER_LEDS EQU AUS.7
                        24
                        25
                        26     ; INIT
                        27     cseg at 0h
0000 0120               28     ajmp init
                        29     cseg at 100h
                        30
                        31     ; Interrupt
                        32     ORG 0bh
****WARNING:ThisORGhaslowervaluethanthepreviousone
000B 120090             33     call timer
000E 32                 34     reti
                        35
                        36     ; INIT
                        37     ORG 20h
                        38     init:
0020 75A892             39     mov IE, #10010010b
0023 758902             40     mov tmod, #00000010b
0026 7F17               41     mov r7, #17h
0028 7E25               42     mov r6, #25h
                        43
                        44     ; timer speed
002A 758A14             45     mov tl0, #14h
002D 758C50             46     mov th0, #50h
                        47
                        48     ; clear inputs (buttons, contacts and motor)
                        49     ;mov P0, #0h
0030 75B000             50     mov P3, #0h
                        51
                        52     ; setze dauerhaft 1
0033 D2B5               53     SETB VERT_ALWAYS_ON
                        54
                        55     ; start timer
                        56     starttimer:
0035 D28C               57     setb tr0; start timer0
0037 013C               58     ajmp anfang
                        59
0039 1200C7             60     call zeigen
                        61
                        62     ;---------------------------
                        63     ; Hauptprogramm
                        64     anfang:
003C 858020             65     mov EIN, P0
                        66
003F C3                 67     CLR C
0040 A000               68     ORL C, /B_UP
0042 7241               69     ORL C, F_CLOCK_UP
                        70
0044 B040               71     ANL C, /F_B_PRESSED
0046 B0B1               72     ANL C, /M_DOWN
0048 8203               73     ANL C, C_IS_UP
                        74
004A 5004               75     JNC S1
004C D2B0               76     SETB M_UP
004E C241               77     CLR F_CLOCK_UP
                        78
                        79     S1:
0050 D3                 80     SETB C
0051 B001               81     ANL C, /B_DOWN
0053 B040               82     ANL C, /F_B_PRESSED
                        83
0055 A003               84     ORL C, /C_IS_UP
                        85
0057 82B0               86     ANL C, M_UP
                        87
0059 5004               88     JNC S2
005B C2B0               89     CLR M_UP
005D D240               90     SETB F_B_PRESSED
                        91
                        92     S2:
005F C3                 93     CLR C
0060 A001               94     ORL C, /B_DOWN
0062 7242               95     ORL C, F_CLOCK_DOWN
                        96
0064 B040               97     ANL C, /F_B_PRESSED
0066 B0B0               98     ANL C, /M_UP
0068 8204               99     ANL C, C_IS_DOWN
                       100
006A 5004              101     JNC S3
006C D2B1              102     SETB M_DOWN
006E C242              103     CLR F_CLOCK_DOWN
                       104
                       105     S3:
0070 D3                106     SETB C
0071 B000              107     ANL C, /B_UP
0073 B040              108     ANL C, /F_B_PRESSED
                       109
0075 A004              110     ORL C, /C_IS_DOWN
                       111
0077 82B1              112     ANL C, M_DOWN
                       113
0079 5004              114     JNC S4
007B C2B1              115     CLR M_DOWN
007D D240              116     SETB F_B_PRESSED
                       117
                       118     S4:
007F C3                119     CLR C
0080 A000              120     ORL C, /B_UP
0082 A001              121     ORL C, /B_DOWN
0084 9240              122     MOV F_B_PRESSED, C
                       123
0086 308C02            124     jnb tr0, da
0089 013C              125     ajmp anfang
                       126     da:
****WARNING:Reservedkeywordusedaslabel
008B 1200F6            127     call display
008E 013C              128     ajmp anfang
                       129     ;------------------------------
                       130     ; unterprogramme
                       131     ;
                       132
                       133
                       134
                       135     ;----------------------
                       136     ; timer
                       137     ;
                       138     timer:
0090 09                139     inc r1
                       140     ; timer repeats
0091 B90506            141     cjne r1, #05h, nuranzeige
0094 7900              142     mov r1, #00h
0096 12009E            143     call countdown
0099 22                144     ret
                       145
                       146     nuranzeige:
009A 1200C7            147     call zeigen
009D 22                148     ret
                       149
                       150     countdown:
                       151     ; Uhrzeit Check -> Hochfahren um 23:45
009E BE2605            152     cjne r6, #26h, clockDown ; check minuten = 38
00A1 BF1702            153     cjne r7, #17h, clockDown ; check stunden = 23
00A4 D241              154     SETB F_CLOCK_UP
                       155
                       156     clockDown:
                       157     ; Uhrzeit Check -> Runterfahren um 23:48
00A6 BE2805            158     cjne r6, #28h, clock ; check minuten = 40
00A9 BF1702            159     cjne r7, #17h, clock ; check stunden = 23
00AC D242              160     SETB F_CLOCK_DOWN
                       161
                       162     clock:
00AE BE3B11            163     cjne r6, #3bh, minuten
00B1 BF1707            164     cjne r7, #17h, stunden
00B4 7E00              165     mov r6, #00h
00B6 7F00              166     mov r7, #00h
00B8 0200C7            167     jmp zeigen
                       168
                       169     stunden:
00BB 7E00              170     mov r6, #00h
00BD 0F                171     inc r7
00BE 1200C7            172     call zeigen
00C1 22                173     ret
                       174     minuten:
00C2 0E                175     inc r6
00C3 1200C7            176     call zeigen
00C6 22                177     ret
                       178
                       179     zeigen:
                       180     ; update LED Matrix
00C7 C2B6              181     CLR UPPER_LEDS
00C9 C2B7              182     CLR LOWER_LEDS
                       183
00CB 30B002            184     jnb M_UP, zeigenLower
00CE D2B6              185     SETB UPPER_LEDS
                       186
                       187     zeigenLower:
00D0 30B102            188     jnb M_DOWN, zeigenClock
00D3 D2B7              189     SETB LOWER_LEDS
                       190
                       191     zeigenClock:
                       192     ; update clock
00D5 900300            193     mov DPTR, #table
00D8 EE                194     mov a, R6
00D9 75F00A            195     mov b, #0ah
00DC 84                196     div ab
00DD F8                197     mov R0, a
00DE 93                198     movc a,@a+dptr
00DF FB                199     mov r3, a
00E0 E8                200     mov a, r0
00E1 C5F0              201     xch a,b
00E3 93                202     movc a, @a+dptr
00E4 FA                203     mov r2, a
                       204     ;----------------
00E5 EF                205     mov a, R7
00E6 75F00A            206     mov b, #0ah
00E9 84                207     div ab
00EA F8                208     mov R0, a
00EB 93                209     movc a,@a+dptr
00EC FD                210     mov r5, a
00ED E8                211     mov a, r0
00EE C5F0              212     xch a,b
00F0 93                213     movc a, @a+dptr
00F1 FC                214     mov r4, a
00F2 1200F6            215     call display
00F5 22                216     ret
                       217
                       218     display:
00F6 8AA0              219     mov P2, R2
00F8 C290              220     clr P1.0
00FA D290              221     setb P1.0
                       222
00FC 8BA0              223     mov P2, R3
00FE C291              224     clr P1.1
0100 D291              225     setb P1.1
                       226
0102 8CA0              227     mov P2, R4
0104 C292              228     clr P1.2
0106 D292              229     setb P1.2
                       230
0108 8DA0              231     mov P2, R5
010A C293              232     clr P1.3
010C D293              233     setb P1.3
                       234
010E 22                235     ret
                       236
                       237     org 300h
                       238     table:
0300 C0                239     db 11000000b
0301 F9A4B0            240     db 11111001b, 10100100b, 10110000b
0304 999282            241     db 10011001b, 10010010b, 10000010b
0307 F88090            242     db 11111000b, 10000000b, 10010000b
                       243
                       244     end
ASSEMBLY COMPLETE, NO ERRORS FOUND, 2 WARNINGS


ERROR SUMMARY:
Line 32, WARNING:ThisORGhaslowervaluethanthepreviousone
Line 127, WARNING:Reservedkeywordusedaslabel

SYMBOL TABLE:
??MCU_8051_IDE . . . . . . . . . . .  N  NUMB  8051H  NOT USED
??VERSION. . . . . . . . . . . . . .  N  NUMB  0149H  NOT USED
AC . . . . . . . . . . . . . . . . .  B  ADDR  00D6H  NOT USED
ACC. . . . . . . . . . . . . . . . .  D  ADDR  00E0H  NOT USED
ACSR . . . . . . . . . . . . . . . .  D  ADDR  0097H  NOT USED
ADCF . . . . . . . . . . . . . . . .  D  ADDR  00F6H  NOT USED
ADCLK. . . . . . . . . . . . . . . .  D  ADDR  00F2H  NOT USED
ADCON. . . . . . . . . . . . . . . .  D  ADDR  00F3H  NOT USED
ADDH . . . . . . . . . . . . . . . .  D  ADDR  00F5H  NOT USED
ADDL . . . . . . . . . . . . . . . .  D  ADDR  00F4H  NOT USED
ANFANG . . . . . . . . . . . . . . .  C  ADDR  003CH
AUS. . . . . . . . . . . . . . . . .  N  NUMB  00B0H  NOT USED
AUXR . . . . . . . . . . . . . . . .  D  ADDR  008EH  NOT USED
AUXR1. . . . . . . . . . . . . . . .  D  ADDR  00A2H  NOT USED
B. . . . . . . . . . . . . . . . . .  D  ADDR  00F0H
BDRCON . . . . . . . . . . . . . . .  D  ADDR  009BH  NOT USED
BDRCON_1 . . . . . . . . . . . . . .  D  ADDR  009CH  NOT USED
BRL. . . . . . . . . . . . . . . . .  D  ADDR  009AH  NOT USED
B_DOWN . . . . . . . . . . . . . . .  N  NUMB  0001H
B_UP . . . . . . . . . . . . . . . .  N  NUMB  0000H
CCAP0H . . . . . . . . . . . . . . .  D  ADDR  00FAH  NOT USED
CCAP0L . . . . . . . . . . . . . . .  D  ADDR  00EAH  NOT USED
CCAP1H . . . . . . . . . . . . . . .  D  ADDR  00FBH  NOT USED
CCAP1L . . . . . . . . . . . . . . .  D  ADDR  00EBH  NOT USED
CCAP2H . . . . . . . . . . . . . . .  D  ADDR  00FCH  NOT USED
CCAP3H . . . . . . . . . . . . . . .  D  ADDR  00FDH  NOT USED
CCAP4H . . . . . . . . . . . . . . .  D  ADDR  00FEH  NOT USED
CCAPL2H. . . . . . . . . . . . . . .  D  ADDR  00FCH  NOT USED
CCAPL2L. . . . . . . . . . . . . . .  D  ADDR  00ECH  NOT USED
CCAPL3H. . . . . . . . . . . . . . .  D  ADDR  00FDH  NOT USED
CCAPL3L. . . . . . . . . . . . . . .  D  ADDR  00EDH  NOT USED
CCAPL4H. . . . . . . . . . . . . . .  D  ADDR  00FEH  NOT USED
CCAPL4L. . . . . . . . . . . . . . .  D  ADDR  00EEH  NOT USED
CCAPM0 . . . . . . . . . . . . . . .  D  ADDR  00DAH  NOT USED
CCAPM1 . . . . . . . . . . . . . . .  D  ADDR  00DBH  NOT USED
CCAPM2 . . . . . . . . . . . . . . .  D  ADDR  00DCH  NOT USED
CCAPM3 . . . . . . . . . . . . . . .  D  ADDR  00DDH  NOT USED
CCAPM4 . . . . . . . . . . . . . . .  D  ADDR  00DEH  NOT USED
CCF0 . . . . . . . . . . . . . . . .  B  ADDR  00D8H  NOT USED
CCF1 . . . . . . . . . . . . . . . .  B  ADDR  00D9H  NOT USED
CCF2 . . . . . . . . . . . . . . . .  B  ADDR  00DAH  NOT USED
CCF3 . . . . . . . . . . . . . . . .  B  ADDR  00DBH  NOT USED
CCF4 . . . . . . . . . . . . . . . .  B  ADDR  00DCH  NOT USED
CCON . . . . . . . . . . . . . . . .  D  ADDR  00D8H  NOT USED
CFINT. . . . . . . . . . . . . . . .  C  ADDR  0033H  NOT USED
CH . . . . . . . . . . . . . . . . .  D  ADDR  00F9H  NOT USED
CKCON. . . . . . . . . . . . . . . .  D  ADDR  008FH  NOT USED
CKCON0 . . . . . . . . . . . . . . .  D  ADDR  008FH  NOT USED
CKRL . . . . . . . . . . . . . . . .  D  ADDR  0097H  NOT USED
CKSEL. . . . . . . . . . . . . . . .  D  ADDR  0085H  NOT USED
CL . . . . . . . . . . . . . . . . .  D  ADDR  00E9H  NOT USED
CLKREG . . . . . . . . . . . . . . .  D  ADDR  008FH  NOT USED
CLOCK. . . . . . . . . . . . . . . .  C  ADDR  00AEH
CLOCKDOWN. . . . . . . . . . . . . .  C  ADDR  00A6H
CMOD . . . . . . . . . . . . . . . .  D  ADDR  00D9H  NOT USED
COUNTDOWN. . . . . . . . . . . . . .  C  ADDR  009EH
CPRL2. . . . . . . . . . . . . . . .  B  ADDR  00C8H  NOT USED
CR . . . . . . . . . . . . . . . . .  B  ADDR  00DEH  NOT USED
CT2. . . . . . . . . . . . . . . . .  B  ADDR  00C9H  NOT USED
CY . . . . . . . . . . . . . . . . .  B  ADDR  00D7H  NOT USED
C_IS_DOWN. . . . . . . . . . . . . .  N  NUMB  0004H
C_IS_UP. . . . . . . . . . . . . . .  N  NUMB  0003H
DA . . . . . . . . . . . . . . . . .  C  ADDR  008BH
DISPLAY. . . . . . . . . . . . . . .  C  ADDR  00F6H
DP0H . . . . . . . . . . . . . . . .  D  ADDR  0083H  NOT USED
DP0L . . . . . . . . . . . . . . . .  D  ADDR  0082H  NOT USED
DP1H . . . . . . . . . . . . . . . .  D  ADDR  0085H  NOT USED
DP1L . . . . . . . . . . . . . . . .  D  ADDR  0084H  NOT USED
DPH. . . . . . . . . . . . . . . . .  D  ADDR  0083H  NOT USED
DPL. . . . . . . . . . . . . . . . .  D  ADDR  0082H  NOT USED
EA . . . . . . . . . . . . . . . . .  B  ADDR  00AFH  NOT USED
EC . . . . . . . . . . . . . . . . .  B  ADDR  00AEH  NOT USED
EECON. . . . . . . . . . . . . . . .  D  ADDR  0096H  NOT USED
EIN. . . . . . . . . . . . . . . . .  N  NUMB  0020H
ES . . . . . . . . . . . . . . . . .  B  ADDR  00ACH  NOT USED
ET0. . . . . . . . . . . . . . . . .  B  ADDR  00A9H  NOT USED
ET1. . . . . . . . . . . . . . . . .  B  ADDR  00ABH  NOT USED
ET2. . . . . . . . . . . . . . . . .  B  ADDR  00ADH  NOT USED
EX0. . . . . . . . . . . . . . . . .  B  ADDR  00A8H  NOT USED
EX1. . . . . . . . . . . . . . . . .  B  ADDR  00AAH  NOT USED
EXEN2. . . . . . . . . . . . . . . .  B  ADDR  00CBH  NOT USED
EXF2 . . . . . . . . . . . . . . . .  B  ADDR  00CEH  NOT USED
EXTI0. . . . . . . . . . . . . . . .  C  ADDR  0003H  NOT USED
EXTI1. . . . . . . . . . . . . . . .  C  ADDR  0013H  NOT USED
F0 . . . . . . . . . . . . . . . . .  B  ADDR  00D5H  NOT USED
FE . . . . . . . . . . . . . . . . .  B  ADDR  009FH  NOT USED
FLAGS. . . . . . . . . . . . . . . .  N  NUMB  0028H  NOT USED
F_B_PRESSED. . . . . . . . . . . . .  N  NUMB  0040H
F_CLOCK_DOWN . . . . . . . . . . . .  N  NUMB  0042H
F_CLOCK_UP . . . . . . . . . . . . .  N  NUMB  0041H
IE . . . . . . . . . . . . . . . . .  D  ADDR  00A8H
IE0. . . . . . . . . . . . . . . . .  B  ADDR  0089H  NOT USED
IE1. . . . . . . . . . . . . . . . .  B  ADDR  008BH  NOT USED
INIT . . . . . . . . . . . . . . . .  C  ADDR  0020H
INT0 . . . . . . . . . . . . . . . .  B  ADDR  00B2H  NOT USED
INT1 . . . . . . . . . . . . . . . .  B  ADDR  00B3H  NOT USED
IP . . . . . . . . . . . . . . . . .  D  ADDR  00B8H  NOT USED
IPH. . . . . . . . . . . . . . . . .  D  ADDR  00B7H  NOT USED
IPH0 . . . . . . . . . . . . . . . .  D  ADDR  00B7H  NOT USED
IPH1 . . . . . . . . . . . . . . . .  D  ADDR  00B3H  NOT USED
IPL0 . . . . . . . . . . . . . . . .  D  ADDR  00B8H  NOT USED
IPL1 . . . . . . . . . . . . . . . .  D  ADDR  00B2H  NOT USED
IT0. . . . . . . . . . . . . . . . .  B  ADDR  0088H  NOT USED
IT1. . . . . . . . . . . . . . . . .  B  ADDR  008AH  NOT USED
KBE. . . . . . . . . . . . . . . . .  D  ADDR  009DH  NOT USED
KBF. . . . . . . . . . . . . . . . .  D  ADDR  009EH  NOT USED
KBLS . . . . . . . . . . . . . . . .  D  ADDR  009CH  NOT USED
LOWER_LEDS . . . . . . . . . . . . .  N  NUMB  00B7H
MINUTEN. . . . . . . . . . . . . . .  C  ADDR  00C2H
M_DOWN . . . . . . . . . . . . . . .  N  NUMB  00B1H
M_UP . . . . . . . . . . . . . . . .  N  NUMB  00B0H
NURANZEIGE . . . . . . . . . . . . .  C  ADDR  009AH
OSCCON . . . . . . . . . . . . . . .  D  ADDR  0086H  NOT USED
OV . . . . . . . . . . . . . . . . .  B  ADDR  00D2H  NOT USED
P. . . . . . . . . . . . . . . . . .  B  ADDR  00D0H  NOT USED
P0 . . . . . . . . . . . . . . . . .  D  ADDR  0080H
P1 . . . . . . . . . . . . . . . . .  D  ADDR  0090H
P1M1 . . . . . . . . . . . . . . . .  D  ADDR  00D4H  NOT USED
P1M2 . . . . . . . . . . . . . . . .  D  ADDR  00E2H  NOT USED
P2 . . . . . . . . . . . . . . . . .  D  ADDR  00A0H
P3 . . . . . . . . . . . . . . . . .  D  ADDR  00B0H
P3M1 . . . . . . . . . . . . . . . .  D  ADDR  00D5H  NOT USED
P3M2 . . . . . . . . . . . . . . . .  D  ADDR  00E3H  NOT USED
P4 . . . . . . . . . . . . . . . . .  D  ADDR  00C0H  NOT USED
P4M1 . . . . . . . . . . . . . . . .  D  ADDR  00D6H  NOT USED
P4M2 . . . . . . . . . . . . . . . .  D  ADDR  00E4H  NOT USED
P5 . . . . . . . . . . . . . . . . .  D  ADDR  00E8H  NOT USED
PC . . . . . . . . . . . . . . . . .  B  ADDR  00BEH  NOT USED
PCON . . . . . . . . . . . . . . . .  D  ADDR  0087H  NOT USED
PPCL . . . . . . . . . . . . . . . .  B  ADDR  00BEH  NOT USED
PS . . . . . . . . . . . . . . . . .  B  ADDR  00BCH  NOT USED
PSL. . . . . . . . . . . . . . . . .  B  ADDR  00BCH  NOT USED
PSW. . . . . . . . . . . . . . . . .  D  ADDR  00D0H  NOT USED
PT0. . . . . . . . . . . . . . . . .  B  ADDR  00B9H  NOT USED
PT0L . . . . . . . . . . . . . . . .  B  ADDR  00B9H  NOT USED
PT1. . . . . . . . . . . . . . . . .  B  ADDR  00BBH  NOT USED
PT1L . . . . . . . . . . . . . . . .  B  ADDR  00BBH  NOT USED
PT2. . . . . . . . . . . . . . . . .  B  ADDR  00BDH  NOT USED
PT2L . . . . . . . . . . . . . . . .  B  ADDR  00BDH  NOT USED
PX0. . . . . . . . . . . . . . . . .  B  ADDR  00B8H  NOT USED
PX0L . . . . . . . . . . . . . . . .  B  ADDR  00B8H  NOT USED
PX1. . . . . . . . . . . . . . . . .  B  ADDR  00BAH  NOT USED
PX1L . . . . . . . . . . . . . . . .  B  ADDR  00BAH  NOT USED
RB8. . . . . . . . . . . . . . . . .  B  ADDR  009AH  NOT USED
RCAP2H . . . . . . . . . . . . . . .  D  ADDR  00CBH  NOT USED
RCAP2L . . . . . . . . . . . . . . .  D  ADDR  00CAH  NOT USED
RCLK . . . . . . . . . . . . . . . .  B  ADDR  00CDH  NOT USED
RD . . . . . . . . . . . . . . . . .  B  ADDR  00B7H  NOT USED
REN. . . . . . . . . . . . . . . . .  B  ADDR  009CH  NOT USED
RESET. . . . . . . . . . . . . . . .  C  ADDR  0000H  NOT USED
RI . . . . . . . . . . . . . . . . .  B  ADDR  0098H  NOT USED
RS0. . . . . . . . . . . . . . . . .  B  ADDR  00D3H  NOT USED
RS1. . . . . . . . . . . . . . . . .  B  ADDR  00D4H  NOT USED
RXD. . . . . . . . . . . . . . . . .  B  ADDR  00B0H  NOT USED
S1 . . . . . . . . . . . . . . . . .  C  ADDR  0050H
S2 . . . . . . . . . . . . . . . . .  C  ADDR  005FH
S3 . . . . . . . . . . . . . . . . .  C  ADDR  0070H
S4 . . . . . . . . . . . . . . . . .  C  ADDR  007FH
SADDR. . . . . . . . . . . . . . . .  D  ADDR  00A9H  NOT USED
SADDR_0. . . . . . . . . . . . . . .  D  ADDR  00A9H  NOT USED
SADDR_1. . . . . . . . . . . . . . .  D  ADDR  00AAH  NOT USED
SADEN. . . . . . . . . . . . . . . .  D  ADDR  00B9H  NOT USED
SADEN_0. . . . . . . . . . . . . . .  D  ADDR  00B9H  NOT USED
SADEN_1. . . . . . . . . . . . . . .  D  ADDR  00BAH  NOT USED
SBUF . . . . . . . . . . . . . . . .  D  ADDR  0099H  NOT USED
SCON . . . . . . . . . . . . . . . .  D  ADDR  0098H  NOT USED
SINT . . . . . . . . . . . . . . . .  C  ADDR  0023H  NOT USED
SM0. . . . . . . . . . . . . . . . .  B  ADDR  009FH  NOT USED
SM1. . . . . . . . . . . . . . . . .  B  ADDR  009EH  NOT USED
SM2. . . . . . . . . . . . . . . . .  B  ADDR  009DH  NOT USED
SP . . . . . . . . . . . . . . . . .  D  ADDR  0081H  NOT USED
SPCON. . . . . . . . . . . . . . . .  D  ADDR  00C3H  NOT USED
SPCR . . . . . . . . . . . . . . . .  D  ADDR  00D5H  NOT USED
SPDAT. . . . . . . . . . . . . . . .  D  ADDR  00C5H  NOT USED
SPDR . . . . . . . . . . . . . . . .  D  ADDR  0086H  NOT USED
SPSR . . . . . . . . . . . . . . . .  D  ADDR  00AAH  NOT USED
SPSTA. . . . . . . . . . . . . . . .  D  ADDR  00C4H  NOT USED
STARTTIMER . . . . . . . . . . . . .  C  ADDR  0035H  NOT USED
STUNDEN. . . . . . . . . . . . . . .  C  ADDR  00BBH
T0 . . . . . . . . . . . . . . . . .  B  ADDR  00B4H  NOT USED
T1 . . . . . . . . . . . . . . . . .  B  ADDR  00B5H  NOT USED
T2CON. . . . . . . . . . . . . . . .  D  ADDR  00C8H  NOT USED
T2MOD. . . . . . . . . . . . . . . .  D  ADDR  00C9H  NOT USED
TABLE. . . . . . . . . . . . . . . .  C  ADDR  0300H
TB8. . . . . . . . . . . . . . . . .  B  ADDR  009BH  NOT USED
TCLK . . . . . . . . . . . . . . . .  B  ADDR  00CCH  NOT USED
TCON . . . . . . . . . . . . . . . .  D  ADDR  0088H  NOT USED
TF0. . . . . . . . . . . . . . . . .  B  ADDR  008DH  NOT USED
TF1. . . . . . . . . . . . . . . . .  B  ADDR  008FH  NOT USED
TF2. . . . . . . . . . . . . . . . .  B  ADDR  00CFH  NOT USED
TH0. . . . . . . . . . . . . . . . .  D  ADDR  008CH
TH1. . . . . . . . . . . . . . . . .  D  ADDR  008DH  NOT USED
TH2. . . . . . . . . . . . . . . . .  D  ADDR  00CDH  NOT USED
TI . . . . . . . . . . . . . . . . .  B  ADDR  0099H  NOT USED
TIMER. . . . . . . . . . . . . . . .  C  ADDR  0090H
TIMER0 . . . . . . . . . . . . . . .  C  ADDR  000BH  NOT USED
TIMER1 . . . . . . . . . . . . . . .  C  ADDR  001BH  NOT USED
TIMER2 . . . . . . . . . . . . . . .  C  ADDR  002BH  NOT USED
TL0. . . . . . . . . . . . . . . . .  D  ADDR  008AH
TL1. . . . . . . . . . . . . . . . .  D  ADDR  008BH  NOT USED
TL2. . . . . . . . . . . . . . . . .  D  ADDR  00CCH  NOT USED
TMOD . . . . . . . . . . . . . . . .  D  ADDR  0089H
TR0. . . . . . . . . . . . . . . . .  B  ADDR  008CH
TR1. . . . . . . . . . . . . . . . .  B  ADDR  008EH  NOT USED
TR2. . . . . . . . . . . . . . . . .  B  ADDR  00CAH  NOT USED
TXD. . . . . . . . . . . . . . . . .  B  ADDR  00B1H  NOT USED
UPPER_LEDS . . . . . . . . . . . . .  N  NUMB  00B6H
VERT_ALWAYS_ON . . . . . . . . . . .  N  NUMB  00B5H
WDTCON . . . . . . . . . . . . . . .  D  ADDR  00A7H  NOT USED
WDTPRG . . . . . . . . . . . . . . .  D  ADDR  00A7H  NOT USED
WDTRST . . . . . . . . . . . . . . .  D  ADDR  00A6H  NOT USED
WR . . . . . . . . . . . . . . . . .  B  ADDR  00B6H  NOT USED
ZEIGEN . . . . . . . . . . . . . . .  C  ADDR  00C7H
ZEIGENCLOCK. . . . . . . . . . . . .  C  ADDR  00D5H
ZEIGENLOWER. . . . . . . . . . . . .  C  ADDR  00D0H